nodes=[x] ops=[EXPONENT]
nodes=[x] ops=[TIMES, DIVIDE]
nodes=[x] ops=[PLUS, MINUS]
nodes=[x] ops=[EXPONENT]
nodes=[x] ops=[TIMES, DIVIDE]
nodes=[x] ops=[PLUS, MINUS]
nodes=[5.0] ops=[EXPONENT]
nodes=[5.0] ops=[TIMES, DIVIDE]
nodes=[5.0] ops=[PLUS, MINUS]
nodes=[-5.0] ops=[EXPONENT]
nodes=[-5.0] ops=[TIMES, DIVIDE]
nodes=[-5.0] ops=[PLUS, MINUS]
nodes=[-5.3] ops=[EXPONENT]
nodes=[-5.3] ops=[TIMES, DIVIDE]
nodes=[-5.3] ops=[PLUS, MINUS]
nodes=[2.3, *, x] ops=[EXPONENT]
nodes=[*] ops=[TIMES, DIVIDE]
nodes=[*] ops=[PLUS, MINUS]
nodes=[2.3, *, x] ops=[EXPONENT]
nodes=[*] ops=[TIMES, DIVIDE]
nodes=[*] ops=[PLUS, MINUS]
nodes=[x, *, x] ops=[EXPONENT]
nodes=[*] ops=[TIMES, DIVIDE]
nodes=[*] ops=[PLUS, MINUS]
nodes=[x, *, -1, *, x] ops=[EXPONENT]
nodes=[*] ops=[TIMES, DIVIDE]
nodes=[*] ops=[PLUS, MINUS]
nodes=[x, ^, x, -, 3.0, *, x] ops=[EXPONENT]
nodes=[*] ops=[TIMES, DIVIDE]
nodes=[*] ops=[PLUS, MINUS]
nodes=[x, ^, -1, *, x, -, 3.0, *, x] ops=[EXPONENT]
nodes=[*] ops=[TIMES, DIVIDE]
nodes=[*] ops=[PLUS, MINUS]
nodes=[x, *, x, *, x] ops=[EXPONENT]
nodes=[*] ops=[TIMES, DIVIDE]
nodes=[*] ops=[PLUS, MINUS]
nodes=[x, ^, 3.0, -, x, ^, 3.0] ops=[EXPONENT]
nodes=[^] ops=[TIMES, DIVIDE]
nodes=[^] ops=[PLUS, MINUS]
nodes=[2.0, *, x, +, 1.0] ops=[EXPONENT]
nodes=[+] ops=[TIMES, DIVIDE]
nodes=[+] ops=[PLUS, MINUS]
nodes=[+, -, 3.0] ops=[EXPONENT]
nodes=[-] ops=[TIMES, DIVIDE]
nodes=[-] ops=[PLUS, MINUS]
nodes=[2.0, *, x, +, 1.0] ops=[EXPONENT]
nodes=[+] ops=[TIMES, DIVIDE]
nodes=[+] ops=[PLUS, MINUS]
nodes=[3.0, -, +] ops=[EXPONENT]
nodes=[-] ops=[TIMES, DIVIDE]
nodes=[-] ops=[PLUS, MINUS]
nodes=[x, -, 2.0] ops=[EXPONENT]
nodes=[-] ops=[TIMES, DIVIDE]
nodes=[-] ops=[PLUS, MINUS]
nodes=[2.0, -, x] ops=[EXPONENT]
nodes=[-] ops=[TIMES, DIVIDE]
nodes=[-] ops=[PLUS, MINUS]
nodes=[5.0, *, x] ops=[EXPONENT]
nodes=[*] ops=[TIMES, DIVIDE]
nodes=[*] ops=[PLUS, MINUS]
nodes=[x, +, 4.0] ops=[EXPONENT]
nodes=[+] ops=[TIMES, DIVIDE]
nodes=[+] ops=[PLUS, MINUS]
nodes=[x, ^, 2.0, -, 1.0] ops=[EXPONENT]
nodes=[-] ops=[TIMES, DIVIDE]
nodes=[-] ops=[PLUS, MINUS]
nodes=[+, /, -] ops=[EXPONENT]
nodes=[/] ops=[TIMES, DIVIDE]
nodes=[/] ops=[PLUS, MINUS]
nodes=[2.0, *, x, +, 4.0] ops=[EXPONENT]
nodes=[+] ops=[TIMES, DIVIDE]
nodes=[+] ops=[PLUS, MINUS]
nodes=[x, ^, 2.0, -, 1.0] ops=[EXPONENT]
nodes=[-] ops=[TIMES, DIVIDE]
nodes=[-] ops=[PLUS, MINUS]
nodes=[+, /, -] ops=[EXPONENT]
nodes=[/] ops=[TIMES, DIVIDE]
nodes=[/] ops=[PLUS, MINUS]
nodes=[x, +, 4.0] ops=[EXPONENT]
nodes=[+] ops=[TIMES, DIVIDE]
nodes=[+] ops=[PLUS, MINUS]
nodes=[x, ^, 2.0, -, 1.0] ops=[EXPONENT]
nodes=[-] ops=[TIMES, DIVIDE]
nodes=[-] ops=[PLUS, MINUS]
nodes=[+, /, -] ops=[EXPONENT]
nodes=[/] ops=[TIMES, DIVIDE]
nodes=[/] ops=[PLUS, MINUS]
nodes=[2.0, *, x, +, 4.0] ops=[EXPONENT]
nodes=[+] ops=[TIMES, DIVIDE]
nodes=[+] ops=[PLUS, MINUS]
nodes=[x, ^, 2.0, -, 1.0] ops=[EXPONENT]
nodes=[-] ops=[TIMES, DIVIDE]
nodes=[-] ops=[PLUS, MINUS]
nodes=[+, /, -] ops=[EXPONENT]
nodes=[/] ops=[TIMES, DIVIDE]
nodes=[/] ops=[PLUS, MINUS]
nodes=[x, +, /, /, /] ops=[EXPONENT]
nodes=[/] ops=[TIMES, DIVIDE]
nodes=[/] ops=[PLUS, MINUS]
nodes=[1.0, +, /, /, /, +, /] ops=[EXPONENT]
nodes=[+] ops=[TIMES, DIVIDE]
nodes=[+] ops=[PLUS, MINUS]
nodes=[x, +, 4.0] ops=[EXPONENT]
nodes=[+] ops=[TIMES, DIVIDE]
nodes=[+] ops=[PLUS, MINUS]
nodes=[x, ^, 2.0, -, 1.0] ops=[EXPONENT]
nodes=[-] ops=[TIMES, DIVIDE]
nodes=[-] ops=[PLUS, MINUS]
nodes=[+, /, -] ops=[EXPONENT]
nodes=[/] ops=[TIMES, DIVIDE]
nodes=[/] ops=[PLUS, MINUS]
nodes=[2.0, *, x, +, 4.0] ops=[EXPONENT]
nodes=[+] ops=[TIMES, DIVIDE]
nodes=[+] ops=[PLUS, MINUS]
nodes=[x, ^, 2.0, -, 1.0] ops=[EXPONENT]
nodes=[-] ops=[TIMES, DIVIDE]
nodes=[-] ops=[PLUS, MINUS]
nodes=[+, /, -] ops=[EXPONENT]
nodes=[/] ops=[TIMES, DIVIDE]
nodes=[/] ops=[PLUS, MINUS]
nodes=[x, +, 4.0] ops=[EXPONENT]
nodes=[+] ops=[TIMES, DIVIDE]
nodes=[+] ops=[PLUS, MINUS]
nodes=[x, ^, 2.0, -, 1.0] ops=[EXPONENT]
nodes=[-] ops=[TIMES, DIVIDE]
nodes=[-] ops=[PLUS, MINUS]
nodes=[+, /, -] ops=[EXPONENT]
nodes=[/] ops=[TIMES, DIVIDE]
nodes=[/] ops=[PLUS, MINUS]
nodes=[2.0, *, x, +, 4.0] ops=[EXPONENT]
nodes=[+] ops=[TIMES, DIVIDE]
nodes=[+] ops=[PLUS, MINUS]
nodes=[x, ^, 2.0, -, 1.0] ops=[EXPONENT]
nodes=[-] ops=[TIMES, DIVIDE]
nodes=[-] ops=[PLUS, MINUS]
nodes=[+, /, -] ops=[EXPONENT]
nodes=[/] ops=[TIMES, DIVIDE]
nodes=[/] ops=[PLUS, MINUS]
nodes=[x, +, /, /, /] ops=[EXPONENT]
nodes=[/] ops=[TIMES, DIVIDE]
nodes=[/] ops=[PLUS, MINUS]
nodes=[1.0, +, /, /, /, +, /] ops=[EXPONENT]
nodes=[+] ops=[TIMES, DIVIDE]
nodes=[+] ops=[PLUS, MINUS]
nodes=[+, *, +] ops=[EXPONENT]
nodes=[*] ops=[TIMES, DIVIDE]
nodes=[*] ops=[PLUS, MINUS]
