angle to (2.0, 1.0) is 0.0
angle to (1.955336489125606, 1.2955202066613396) is 0.3
angle to (1.8253356149096782, 1.5646424733950353) is 0.5999999999999999
angle to (1.6216099682706644, 1.7833269096274833) is 0.9
angle to (1.3623577544766736, 1.9320390859672263) is 1.2
angle to (1.0707372016677028, 1.9974949866040546) is 1.5
angle to (0.772797905306913, 1.9738476308781951) is 1.8
angle to (0.49515389540014243, 1.8632093666488738) is 2.1
angle to (0.26260628445875456, 1.675463180551151) is 2.4
angle to (0.09592785798293901, 1.4273798802338302) is 2.6999999999999997
angle to (0.010007503399554585, 1.1411200080598676) is 2.9999999999999996
angle to (0.01252023009113501, 0.8422543058567522) is -2.9831853071795873
angle to (0.10324158366585268, 0.5574795567051483) is -2.683185307179587
angle to (0.27406769579985923, 0.3122338408160269) is -2.3831853071795877
angle to (0.5097391786592997, 0.12842422758641225) is -2.0831853071795874
angle to (0.7892042005692195, 0.022469882334903102) is -1.7831853071795873
angle to (1.0874989834394455, 0.0038353911641592076) is -1.4831853071795875
angle to (1.3779777427129793, 0.07418531767226721) is -1.183185307179588
angle to (1.6346928759426333, 0.22723551244401174) is -0.8831853071795879
angle to (1.8347127848391587, 0.44931445740236087) is -0.5831853071795882
angle to (1.9601702866503654, 0.7205845018010724) is -0.28318530717958834
