keys=java.util.LinkedHashMap$KeyIterator@219fdbcb
