for v1=3.0 4.0 v2=5.0 12.0  magThis=5.0 magB=13.0
for v1=3.0 4.0 v2=3.0 4.0  magThis=5.0 magB=5.0
for v1=3.0E-7 4.0E-7 v2=5.0E-7 1.2E-6  magThis=5.0E-7 magB=1.3E-6
for v1=-0.4409008100751817 -0.4500071951369762 v2=-0.6298583001074021 -0.6428674216242523  magThis=0.63 magB=0.9000000000000001
for v1=-0.6298583001074021 -0.6428674216242523 v2=-0.4409008100751817 -0.4500071951369762  magThis=0.9000000000000001 magB=0.63
for v1=-1.6370338447524475 -1.6708452150399316 v2=-1.2592568036557408 -1.285265550030705  magThis=2.339145900000001 magB=1.799343000000001
